GID: 46, Namobj: , Kecamatan GID: 4
